2026-05-31T00:04:10.254+07:00  INFO 23488 --- [seov] [MessageBroker-3] o.s.w.s.c.WebSocketMessageBrokerStats    : WebSocketSession[0 current WS(0)-HttpStream(0)-HttpPoll(0), 0 total, 0 closed abnormally (0 connect failure, 0 send limit, 0 transport error)], stompSubProtocol[processed CONNECT(0)-CONNECTED(0)-DISCONNECT(0)], stompBrokerRelay[null], inboundChannel[pool size = 0, active threads = 0, queued tasks = 0, completed tasks = 0], outboundChannel[pool size = 0, active threads = 0, queued tasks = 0, completed tasks = 0], sockJsScheduler[pool size = 5, active threads = 1, queued tasks = 0, completed tasks = 4]
2026-05-31T00:34:10.275+07:00  INFO 23488 --- [seov] [MessageBroker-2] o.s.w.s.c.WebSocketMessageBrokerStats    : WebSocketSession[0 current WS(0)-HttpStream(0)-HttpPoll(0), 0 total, 0 closed abnormally (0 connect failure, 0 send limit, 0 transport error)], stompSubProtocol[processed CONNECT(0)-CONNECTED(0)-DISCONNECT(0)], stompBrokerRelay[null], inboundChannel[pool size = 0, active threads = 0, queued tasks = 0, completed tasks = 0], outboundChannel[pool size = 0, active threads = 0, queued tasks = 0, completed tasks = 0], sockJsScheduler[pool size = 6, active threads = 1, queued tasks = 0, completed tasks = 5]
2026-05-31T21:44:22.297+07:00  INFO 23108 --- [seov] [main] seov.SeovApplication                     : Starting SeovApplication using Java 20.0.1 with PID 23108 (D:\KHOAHLT\Seov\seov-be\target\classes started by KHOAHLT in D:\KHOAHLT\Seov\seov-be)
2026-05-31T21:44:22.299+07:00  INFO 23108 --- [seov] [main] seov.SeovApplication                     : No active profile set, falling back to 1 default profile: "default"
2026-05-31T21:44:22.983+07:00  INFO 23108 --- [seov] [main] .s.d.r.c.RepositoryConfigurationDelegate : Bootstrapping Spring Data JPA repositories in DEFAULT mode.
2026-05-31T21:44:23.066+07:00  INFO 23108 --- [seov] [main] .s.d.r.c.RepositoryConfigurationDelegate : Finished Spring Data repository scanning in 75 ms. Found 14 JPA repository interfaces.
2026-05-31T21:44:23.623+07:00  INFO 23108 --- [seov] [main] o.s.b.w.embedded.tomcat.TomcatWebServer  : Tomcat initialized with port 8081 (http)
2026-05-31T21:44:23.637+07:00  INFO 23108 --- [seov] [main] o.apache.catalina.core.StandardService   : Starting service [Tomcat]
2026-05-31T21:44:23.637+07:00  INFO 23108 --- [seov] [main] o.apache.catalina.core.StandardEngine    : Starting Servlet engine: [Apache Tomcat/10.1.19]
2026-05-31T21:44:23.735+07:00  INFO 23108 --- [seov] [main] o.a.c.c.C.[Tomcat].[localhost].[/seov]   : Initializing Spring embedded WebApplicationContext
2026-05-31T21:44:23.735+07:00  INFO 23108 --- [seov] [main] w.s.c.ServletWebServerApplicationContext : Root WebApplicationContext: initialization completed in 1401 ms
2026-05-31T21:44:23.884+07:00  INFO 23108 --- [seov] [main] o.hibernate.jpa.internal.util.LogHelper  : HHH000204: Processing PersistenceUnitInfo [name: default]
2026-05-31T21:44:23.943+07:00  INFO 23108 --- [seov] [main] org.hibernate.Version                    : HHH000412: Hibernate ORM core version 6.4.4.Final
2026-05-31T21:44:23.974+07:00  INFO 23108 --- [seov] [main] o.h.c.internal.RegionFactoryInitiator    : HHH000026: Second-level cache disabled
2026-05-31T21:44:24.201+07:00  INFO 23108 --- [seov] [main] o.s.o.j.p.SpringPersistenceUnitInfo      : No LoadTimeWeaver setup: ignoring JPA class transformer
2026-05-31T21:44:24.227+07:00  INFO 23108 --- [seov] [main] com.zaxxer.hikari.HikariDataSource       : HikariPool-1 - Starting...
2026-05-31T21:44:24.540+07:00  INFO 23108 --- [seov] [main] com.zaxxer.hikari.pool.HikariPool        : HikariPool-1 - Added connection org.postgresql.jdbc.PgConnection@631944d4
2026-05-31T21:44:24.542+07:00  INFO 23108 --- [seov] [main] com.zaxxer.hikari.HikariDataSource       : HikariPool-1 - Start completed.
2026-05-31T21:44:24.599+07:00  WARN 23108 --- [seov] [main] org.hibernate.orm.deprecation            : HHH90000025: PostgreSQLDialect does not need to be specified explicitly using 'hibernate.dialect' (remove the property setting and it will be selected by default)
2026-05-31T21:44:25.835+07:00  INFO 23108 --- [seov] [main] o.h.e.t.j.p.i.JtaPlatformInitiator       : HHH000489: No JTA platform available (set 'hibernate.transaction.jta.platform' to enable JTA platform integration)
2026-05-31T21:44:25.962+07:00  INFO 23108 --- [seov] [main] j.LocalContainerEntityManagerFactoryBean : Initialized JPA EntityManagerFactory for persistence unit 'default'
2026-05-31T21:44:26.215+07:00  INFO 23108 --- [seov] [main] o.s.d.j.r.query.QueryEnhancerFactory     : Hibernate is in classpath; If applicable, HQL parser will be used.
2026-05-31T21:44:27.088+07:00  WARN 23108 --- [seov] [main] JpaBaseConfiguration$JpaWebConfiguration : spring.jpa.open-in-view is enabled by default. Therefore, database queries may be performed during view rendering. Explicitly configure spring.jpa.open-in-view to disable this warning
2026-05-31T21:44:27.117+07:00  WARN 23108 --- [seov] [main] .s.s.UserDetailsServiceAutoConfiguration : 

Using generated security password: 75d7bebd-553d-4ef0-8c87-7411bef154fd

This generated password is for development use only. Your security configuration must be updated before running your application in production.

2026-05-31T21:44:27.389+07:00  INFO 23108 --- [seov] [main] o.s.s.web.DefaultSecurityFilterChain     : Will secure any request with [org.springframework.security.web.session.DisableEncodeUrlFilter@1e26bf55, org.springframework.security.web.context.request.async.WebAsyncManagerIntegrationFilter@32d3bc83, org.springframework.security.web.context.SecurityContextHolderFilter@1dd678e6, org.springframework.security.web.header.HeaderWriterFilter@5d2e6b31, org.springframework.web.filter.CorsFilter@7ef59e5d, org.springframework.security.web.authentication.logout.LogoutFilter@5debb4c0, org.springframework.security.web.savedrequest.RequestCacheAwareFilter@3ee0a533, org.springframework.security.web.servletapi.SecurityContextHolderAwareRequestFilter@4bec8704, org.springframework.security.web.authentication.AnonymousAuthenticationFilter@70b9cdcc, org.springframework.security.web.access.ExceptionTranslationFilter@3e759542, org.springframework.security.web.access.intercept.AuthorizationFilter@3453014b]
2026-05-31T21:44:27.648+07:00  INFO 23108 --- [seov] [main] o.s.b.w.embedded.tomcat.TomcatWebServer  : Tomcat started on port 8081 (http) with context path '/seov'
2026-05-31T21:44:27.650+07:00  INFO 23108 --- [seov] [main] o.s.m.s.b.SimpleBrokerMessageHandler     : Starting...
2026-05-31T21:44:27.651+07:00  INFO 23108 --- [seov] [main] o.s.m.s.b.SimpleBrokerMessageHandler     : BrokerAvailabilityEvent[available=true, SimpleBrokerMessageHandler [org.springframework.messaging.simp.broker.DefaultSubscriptionRegistry@70141128]]
2026-05-31T21:44:27.651+07:00  INFO 23108 --- [seov] [main] o.s.m.s.b.SimpleBrokerMessageHandler     : Started.
2026-05-31T21:44:27.659+07:00  INFO 23108 --- [seov] [main] seov.SeovApplication                     : Started SeovApplication in 5.826 seconds (process running for 6.846)
2026-05-31T21:44:31.800+07:00  INFO 23108 --- [seov] [http-nio-0.0.0.0-8081-exec-1] o.a.c.c.C.[Tomcat].[localhost].[/seov]   : Initializing Spring DispatcherServlet 'dispatcherServlet'
2026-05-31T21:44:31.801+07:00  INFO 23108 --- [seov] [http-nio-0.0.0.0-8081-exec-1] o.s.web.servlet.DispatcherServlet        : Initializing Servlet 'dispatcherServlet'
2026-05-31T21:44:31.802+07:00  INFO 23108 --- [seov] [http-nio-0.0.0.0-8081-exec-1] o.s.web.servlet.DispatcherServlet        : Completed initialization in 1 ms
2026-05-31T21:44:31.988+07:00 DEBUG 23108 --- [seov] [http-nio-0.0.0.0-8081-exec-2] org.hibernate.SQL                        : 
    select
        u1_0.id,
        u1_0.created_at,
        u1_0.email,
        u1_0.join_date,
        u1_0.name,
        u1_0.password,
        u1_0.position,
        u1_0.section,
        u1_0.updated_at,
        u1_0.username 
    from
        users u1_0 
    where
        u1_0.username=?
2026-05-31T21:44:31.989+07:00 TRACE 23108 --- [seov] [http-nio-0.0.0.0-8081-exec-2] org.hibernate.orm.jdbc.bind              : binding parameter (1:VARCHAR) <- [07521]
2026-05-31T21:44:32.101+07:00 DEBUG 23108 --- [seov] [http-nio-0.0.0.0-8081-exec-2] org.hibernate.SQL                        : 
    select
        u1_0.id,
        u1_0.created_at,
        u1_0.email,
        u1_0.join_date,
        u1_0.name,
        u1_0.password,
        u1_0.position,
        r1_0.user_id,
        r1_1.id,
        r1_1.code,
        r1_1.description,
        r1_1.name,
        p1_0.role_id,
        p1_1.id,
        p1_1.code,
        p1_1.name,
        u1_0.section,
        u1_0.updated_at,
        u1_0.username 
    from
        users u1_0 
    join
        user_roles r1_0 
            on u1_0.id=r1_0.user_id 
    join
        roles r1_1 
            on r1_1.id=r1_0.role_id 
    join
        role_permissions p1_0 
            on r1_1.id=p1_0.role_id 
    join
        permissions p1_1 
            on p1_1.id=p1_0.permission_id 
    where
        u1_0.username=?
2026-05-31T21:44:32.101+07:00 TRACE 23108 --- [seov] [http-nio-0.0.0.0-8081-exec-2] org.hibernate.orm.jdbc.bind              : binding parameter (1:VARCHAR) <- [07521]
2026-05-31T21:45:27.634+07:00  INFO 23108 --- [seov] [MessageBroker-1] o.s.w.s.c.WebSocketMessageBrokerStats    : WebSocketSession[0 current WS(0)-HttpStream(0)-HttpPoll(0), 0 total, 0 closed abnormally (0 connect failure, 0 send limit, 0 transport error)], stompSubProtocol[processed CONNECT(0)-CONNECTED(0)-DISCONNECT(0)], stompBrokerRelay[null], inboundChannel[pool size = 0, active threads = 0, queued tasks = 0, completed tasks = 0], outboundChannel[pool size = 0, active threads = 0, queued tasks = 0, completed tasks = 0], sockJsScheduler[pool size = 1, active threads = 1, queued tasks = 0, completed tasks = 0]
2026-05-31T22:15:27.643+07:00  INFO 23108 --- [seov] [MessageBroker-1] o.s.w.s.c.WebSocketMessageBrokerStats    : WebSocketSession[0 current WS(0)-HttpStream(0)-HttpPoll(0), 0 total, 0 closed abnormally (0 connect failure, 0 send limit, 0 transport error)], stompSubProtocol[processed CONNECT(0)-CONNECTED(0)-DISCONNECT(0)], stompBrokerRelay[null], inboundChannel[pool size = 0, active threads = 0, queued tasks = 0, completed tasks = 0], outboundChannel[pool size = 0, active threads = 0, queued tasks = 0, completed tasks = 0], sockJsScheduler[pool size = 2, active threads = 1, queued tasks = 0, completed tasks = 1]
2026-05-31T22:15:55.927+07:00 DEBUG 23108 --- [seov] [http-nio-0.0.0.0-8081-exec-1] org.hibernate.SQL                        : 
    select
        mr1_0.id,
        mr1_0.created_at,
        mr1_0.flow_code,
        mr1_0.flow_name,
        mr1_0.note,
        mr1_0.request_no,
        mr1_0.status,
        mr1_0.transaction_type,
        mr1_0.updated_at 
    from
        material_requests mr1_0 
    where
        mr1_0.flow_code=?
2026-05-31T22:15:55.927+07:00 DEBUG 23108 --- [seov] [http-nio-0.0.0.0-8081-exec-8] org.hibernate.SQL                        : 
    select
        itf1_0.id,
        itf1_0.active,
        itf1_0.allow_negative_stock,
        itf1_0.created_at,
        itf1_0.flow_code,
        itf1_0.flow_name,
        itf1_0.from_location_id,
        itf1_0.mr_code,
        itf1_0.note,
        itf1_0.require_approve,
        itf1_0.require_lot,
        itf1_0.require_quantity,
        itf1_0.require_reference,
        itf1_0.require_work_order,
        itf1_0.status,
        itf1_0.to_location_id,
        itf1_0.transaction_type,
        itf1_0.updated_at 
    from
        inventory_transaction_flows itf1_0 
    where
        itf1_0.flow_code=?
2026-05-31T22:15:55.928+07:00 TRACE 23108 --- [seov] [http-nio-0.0.0.0-8081-exec-8] org.hibernate.orm.jdbc.bind              : binding parameter (1:VARCHAR) <- [RECEIVE_TO_WH]
2026-05-31T22:15:55.928+07:00 TRACE 23108 --- [seov] [http-nio-0.0.0.0-8081-exec-1] org.hibernate.orm.jdbc.bind              : binding parameter (1:VARCHAR) <- [RECEIVE_TO_WH]
